// Jest Snapshot v1, https://goo.gl/fbAQLP

exports[`Matches previous snapshot:  1`] = `
<View
  style={
    [
      {
        "backgroundColor": "#FFFFFF",
        "borderRadius": 24,
        "elevation": 6,
        "height": 296,
        "shadowColor": "#0000009C",
        "shadowOffset": {
          "height": 1,
          "width": 0,
        },
        "shadowOpacity": 0.61,
        "shadowRadius": 6,
      },
      undefined,
    ]
  }
/>
`;
