// Jest Snapshot v1, https://goo.gl/fbAQLP

exports[`Text Component Renders with custom props and matches previous snapshot:  1`] = `
<Text
  accessibilityHint="Custom Hint"
  accessibilityLabel="Custom Label"
  accessibilityRole="header"
  numberOfLines={1}
  style={
    [
      {
        "color": undefined,
        "fontFamily": "TestFoundersGrotesk-undefined",
        "fontSize": undefined,
      },
      {
        "margin": 10,
      },
    ]
  }
>
  Custom Text
</Text>
`;

exports[`Text Component Renders with default props and matches previous snapshot:  1`] = `
<Text
  accessibilityRole="text"
  style={
    [
      {
        "color": "#1C1C1C",
        "fontFamily": "TestFoundersGrotesk-Regular",
        "fontSize": 18,
      },
      undefined,
    ]
  }
>
  Hello, World!
</Text>
`;
