// Jest Snapshot v1, https://goo.gl/fbAQLP

exports[`Text Component Renders with custom props and matches previous snapshot:  1`] = `
<Text
  accessibilityHint="Custom Hint"
  accessibilityLabel="Custom Label"
  accessibilityRole="header"
  numberOfLines={2}
  style={
    [
      {
        "color": "#000000",
        "fontFamily": "Inter-Bold",
        "fontSize": 10,
      },
      {
        "margin": 10,
      },
    ]
  }
>
  Test
</Text>
`;

exports[`Text Component Renders with default props and matches previous snapshot:  1`] = `
<Text
  accessibilityRole="text"
  style={
    [
      {
        "color": "#000000",
        "fontFamily": "Inter-Regular",
        "fontSize": 18,
      },
      undefined,
    ]
  }
>
  Hello, World!
</Text>
`;
